2025-07-02 16:39:12,706 - INFO - Started teledyne data monitoring for test_teledyne_flow.csv
2025-07-02 16:49:39,733 - INFO - Starting Data Acquisition System
2025-07-02 16:49:39,733 - INFO - Remote server URL: http://172.29.36.50:5000/data
2025-07-02 16:49:39,733 - INFO - Sleep interval: 5 seconds
2025-07-02 16:49:39,733 - INFO - Teledyne CSV path: ../static/csv/teledyne_flow.csv
2025-07-02 16:49:39,733 - INFO - Data directory ready: data_logs
2025-07-02 16:49:39,734 - INFO - Started teledyne data monitoring for ../static/csv/teledyne_flow.csv
2025-07-02 16:50:09,736 - WARNING - Failed to read integer registers
2025-07-02 17:06:54,763 - INFO - Starting Data Acquisition System
2025-07-02 17:06:54,763 - INFO - Remote server URL: http://172.29.36.50:5000/data
2025-07-02 17:06:54,763 - INFO - Sleep interval: 5 seconds
2025-07-02 17:06:54,763 - INFO - Teledyne CSV path: ../static/csv/teledyne_flow.csv
2025-07-02 17:06:54,763 - INFO - Data directory ready: data_logs
2025-07-02 17:06:54,764 - INFO - Started teledyne data monitoring for ../static/csv/teledyne_flow.csv
2025-07-02 17:07:24,766 - WARNING - Failed to read integer registers
2025-07-02 17:07:54,769 - ERROR - Failed to read float registers
2025-07-02 17:07:54,769 - WARNING - Failed to read Modbus data (attempt 1)
2025-07-02 17:08:29,776 - WARNING - Failed to read integer registers
2025-07-02 17:08:59,778 - ERROR - Failed to read float registers
2025-07-02 17:08:59,778 - WARNING - Failed to read Modbus data (attempt 2)
2025-07-02 17:09:34,785 - WARNING - Failed to read integer registers
2025-07-02 17:10:04,787 - ERROR - Failed to read float registers
2025-07-02 17:10:04,788 - WARNING - Failed to read Modbus data (attempt 3)
2025-07-02 17:10:39,795 - WARNING - Failed to read integer registers
2025-07-07 14:07:40,548 - INFO - Starting Data Acquisition System with Direct Database Pipeline
2025-07-07 14:07:40,549 - INFO - Database path: {DATABASE_DIR}\{DATABASE_NAME}
2025-07-07 14:07:40,549 - INFO - Sleep interval: 5 seconds
2025-07-07 14:07:40,549 - INFO - Teledyne CSV path: {TWIST_PATH}\monitoring	eledyne_flow.csv
2025-07-07 14:07:40,549 - INFO - LabJack CSV path: {TWIST_PATH}\monitoring\labjack_pressure.csv
2025-07-07 14:07:40,549 - INFO - Data directory ready: data_logs
2025-07-07 14:07:40,549 - ERROR - Failed to setup database: [Errno 2] No such file or directory: ''
