Starting IVC Comprehensive Test Suite
Test started at: 2025-08-11 15:12:17.701025

==================== Serial Configuration Test ====================
============================================================
Testing IVC Serial Configuration
============================================================
✗ Serial Configuration Test FAILED with exception: module 'serial' has no attribute 'PARITY_NONE'
Traceback: Traceback (most recent call last):
  File "/Users/alephnot/Documents/Work/UVA-Lab-Software/GUI-Webserver/data_acquisition/device_testing/test_ivc_comprehensive.py", line 257, in main
    if test_func():
       ^^^^^^^^^^^
  File "/Users/alephnot/Documents/Work/UVA-Lab-Software/GUI-Webserver/data_acquisition/device_testing/test_ivc_comprehensive.py", line 136, in test_ivc_serial_config
    reader = IVCReader(port="COM7")  # Adjust port as needed
             ^^^^^^^^^^^^^^^^^^^^^^
  File "/Users/alephnot/Documents/Work/UVA-Lab-Software/GUI-Webserver/data_acquisition/daq/_IVCReader.py", line 28, in __init__
    self.parity = serial.PARITY_NONE
                  ^^^^^^^^^^^^^^^^^^
AttributeError: module 'serial' has no attribute 'PARITY_NONE'


==================== Data Parsing Test ====================
============================================================
Testing IVC Data Parsing
============================================================
✗ Data Parsing Test FAILED with exception: module 'serial' has no attribute 'PARITY_NONE'
Traceback: Traceback (most recent call last):
  File "/Users/alephnot/Documents/Work/UVA-Lab-Software/GUI-Webserver/data_acquisition/device_testing/test_ivc_comprehensive.py", line 257, in main
    if test_func():
       ^^^^^^^^^^^
  File "/Users/alephnot/Documents/Work/UVA-Lab-Software/GUI-Webserver/data_acquisition/device_testing/test_ivc_comprehensive.py", line 212, in test_ivc_data_parsing
    reader = IVCReader()
             ^^^^^^^^^^^
  File "/Users/alephnot/Documents/Work/UVA-Lab-Software/GUI-Webserver/data_acquisition/daq/_IVCReader.py", line 28, in __init__
    self.parity = serial.PARITY_NONE
                  ^^^^^^^^^^^^^^^^^^
AttributeError: module 'serial' has no attribute 'PARITY_NONE'


==================== Error Handling Test ====================
============================================================
Testing IVC Error Handling
============================================================
Testing with invalid port...
Error handling test PASSED - exception caught: module 'serial' has no attribute 'PARITY_NONE'
✓ Error Handling Test PASSED

==================== Connection Test ====================
============================================================
Testing IVC Connection
============================================================
Initializing IVCReader
Connection test failed: module 'serial' has no attribute 'PARITY_NONE'
Traceback: Traceback (most recent call last):
  File "/Users/alephnot/Documents/Work/UVA-Lab-Software/GUI-Webserver/data_acquisition/device_testing/test_ivc_comprehensive.py", line 40, in test_ivc_connection
    reader = IVCReader(port="COM7")  # Adjust port as needed
             ^^^^^^^^^^^^^^^^^^^^^^
  File "/Users/alephnot/Documents/Work/UVA-Lab-Software/GUI-Webserver/data_acquisition/daq/_IVCReader.py", line 28, in __init__
    self.parity = serial.PARITY_NONE
                  ^^^^^^^^^^^^^^^^^^
AttributeError: module 'serial' has no attribute 'PARITY_NONE'

✗ Connection Test FAILED

==================== Data Reading Test ====================
============================================================
Testing IVC Data Reading
============================================================
Initializing IVCReader for data reading test
Data reading test failed: module 'serial' has no attribute 'PARITY_NONE'
Traceback: Traceback (most recent call last):
  File "/Users/alephnot/Documents/Work/UVA-Lab-Software/GUI-Webserver/data_acquisition/device_testing/test_ivc_comprehensive.py", line 68, in test_ivc_data_reading
    reader = IVCReader(port="COM7")  # Adjust port as needed
             ^^^^^^^^^^^^^^^^^^^^^^
  File "/Users/alephnot/Documents/Work/UVA-Lab-Software/GUI-Webserver/data_acquisition/daq/_IVCReader.py", line 28, in __init__
    self.parity = serial.PARITY_NONE
                  ^^^^^^^^^^^^^^^^^^
AttributeError: module 'serial' has no attribute 'PARITY_NONE'

✗ Data Reading Test FAILED

==================== Stress Test ====================
============================================================
Testing IVC Stress Test (Start/Stop Cycles)
============================================================
Stress test cycle 1/3
Stress test failed: module 'serial' has no attribute 'PARITY_NONE'
Traceback: Traceback (most recent call last):
  File "/Users/alephnot/Documents/Work/UVA-Lab-Software/GUI-Webserver/data_acquisition/device_testing/test_ivc_comprehensive.py", line 158, in test_ivc_stress
    reader = IVCReader(port="COM7", timeout=0.5)  # Adjust port as needed
             ^^^^^^^^^^^^^^^^^^^^^^^^^^^^^^^^^^^
  File "/Users/alephnot/Documents/Work/UVA-Lab-Software/GUI-Webserver/data_acquisition/daq/_IVCReader.py", line 28, in __init__
    self.parity = serial.PARITY_NONE
                  ^^^^^^^^^^^^^^^^^^
AttributeError: module 'serial' has no attribute 'PARITY_NONE'

✗ Stress Test FAILED

============================================================
TEST SUMMARY
============================================================
Tests passed: 1/6
Success rate: 16.7%
❌ 5 test(s) failed. Please check the logs.
Starting IVC Comprehensive Test Suite
Test started at: 2025-08-11 15:16:37.156468

==================== Serial Configuration Test ====================
============================================================
Testing IVC Serial Configuration
============================================================
✗ Serial Configuration Test FAILED with exception: module 'serial' has no attribute 'PARITY_NONE'
Traceback: Traceback (most recent call last):
  File "/Users/alephnot/Documents/Work/UVA-Lab-Software/GUI-Webserver/data_acquisition/device_testing/test_ivc_comprehensive.py", line 257, in main
    if test_func():
       ^^^^^^^^^^^
  File "/Users/alephnot/Documents/Work/UVA-Lab-Software/GUI-Webserver/data_acquisition/device_testing/test_ivc_comprehensive.py", line 136, in test_ivc_serial_config
    reader = IVCReader(port="COM7")  # Adjust port as needed
             ^^^^^^^^^^^^^^^^^^^^^^
  File "/Users/alephnot/Documents/Work/UVA-Lab-Software/GUI-Webserver/data_acquisition/daq/_IVCReader.py", line 28, in __init__
    self.parity = serial.PARITY_NONE
                  ^^^^^^^^^^^^^^^^^^
AttributeError: module 'serial' has no attribute 'PARITY_NONE'


==================== Data Parsing Test ====================
============================================================
Testing IVC Data Parsing
============================================================
✗ Data Parsing Test FAILED with exception: module 'serial' has no attribute 'PARITY_NONE'
Traceback: Traceback (most recent call last):
  File "/Users/alephnot/Documents/Work/UVA-Lab-Software/GUI-Webserver/data_acquisition/device_testing/test_ivc_comprehensive.py", line 257, in main
    if test_func():
       ^^^^^^^^^^^
  File "/Users/alephnot/Documents/Work/UVA-Lab-Software/GUI-Webserver/data_acquisition/device_testing/test_ivc_comprehensive.py", line 212, in test_ivc_data_parsing
    reader = IVCReader()
             ^^^^^^^^^^^
  File "/Users/alephnot/Documents/Work/UVA-Lab-Software/GUI-Webserver/data_acquisition/daq/_IVCReader.py", line 28, in __init__
    self.parity = serial.PARITY_NONE
                  ^^^^^^^^^^^^^^^^^^
AttributeError: module 'serial' has no attribute 'PARITY_NONE'


==================== Error Handling Test ====================
============================================================
Testing IVC Error Handling
============================================================
Testing with invalid port...
Error handling test PASSED - exception caught: module 'serial' has no attribute 'PARITY_NONE'
✓ Error Handling Test PASSED

==================== Connection Test ====================
============================================================
Testing IVC Connection
============================================================
Initializing IVCReader
Connection test failed: module 'serial' has no attribute 'PARITY_NONE'
Traceback: Traceback (most recent call last):
  File "/Users/alephnot/Documents/Work/UVA-Lab-Software/GUI-Webserver/data_acquisition/device_testing/test_ivc_comprehensive.py", line 40, in test_ivc_connection
    reader = IVCReader(port="COM7")  # Adjust port as needed
             ^^^^^^^^^^^^^^^^^^^^^^
  File "/Users/alephnot/Documents/Work/UVA-Lab-Software/GUI-Webserver/data_acquisition/daq/_IVCReader.py", line 28, in __init__
    self.parity = serial.PARITY_NONE
                  ^^^^^^^^^^^^^^^^^^
AttributeError: module 'serial' has no attribute 'PARITY_NONE'

✗ Connection Test FAILED

==================== Data Reading Test ====================
============================================================
Testing IVC Data Reading
============================================================
Initializing IVCReader for data reading test
Data reading test failed: module 'serial' has no attribute 'PARITY_NONE'
Traceback: Traceback (most recent call last):
  File "/Users/alephnot/Documents/Work/UVA-Lab-Software/GUI-Webserver/data_acquisition/device_testing/test_ivc_comprehensive.py", line 68, in test_ivc_data_reading
    reader = IVCReader(port="COM7")  # Adjust port as needed
             ^^^^^^^^^^^^^^^^^^^^^^
  File "/Users/alephnot/Documents/Work/UVA-Lab-Software/GUI-Webserver/data_acquisition/daq/_IVCReader.py", line 28, in __init__
    self.parity = serial.PARITY_NONE
                  ^^^^^^^^^^^^^^^^^^
AttributeError: module 'serial' has no attribute 'PARITY_NONE'

✗ Data Reading Test FAILED

==================== Stress Test ====================
============================================================
Testing IVC Stress Test (Start/Stop Cycles)
============================================================
Stress test cycle 1/3
Stress test failed: module 'serial' has no attribute 'PARITY_NONE'
Traceback: Traceback (most recent call last):
  File "/Users/alephnot/Documents/Work/UVA-Lab-Software/GUI-Webserver/data_acquisition/device_testing/test_ivc_comprehensive.py", line 158, in test_ivc_stress
    reader = IVCReader(port="COM7", timeout=0.5)  # Adjust port as needed
             ^^^^^^^^^^^^^^^^^^^^^^^^^^^^^^^^^^^
  File "/Users/alephnot/Documents/Work/UVA-Lab-Software/GUI-Webserver/data_acquisition/daq/_IVCReader.py", line 28, in __init__
    self.parity = serial.PARITY_NONE
                  ^^^^^^^^^^^^^^^^^^
AttributeError: module 'serial' has no attribute 'PARITY_NONE'

✗ Stress Test FAILED

============================================================
TEST SUMMARY
============================================================
Tests passed: 1/6
Success rate: 16.7%
❌ 5 test(s) failed. Please check the logs.
Starting IVC Comprehensive Test Suite
Test started at: 2025-08-11 15:17:58.250679

==================== Serial Configuration Test ====================
============================================================
Testing IVC Serial Configuration
============================================================
✗ Serial Configuration Test FAILED with exception: module 'serial' has no attribute 'PARITY_NONE'
Traceback: Traceback (most recent call last):
  File "/Users/alephnot/Documents/Work/UVA-Lab-Software/GUI-Webserver/data_acquisition/device_testing/test_ivc_comprehensive.py", line 257, in main
    if test_func():
       ^^^^^^^^^^^
  File "/Users/alephnot/Documents/Work/UVA-Lab-Software/GUI-Webserver/data_acquisition/device_testing/test_ivc_comprehensive.py", line 136, in test_ivc_serial_config
    reader = IVCReader(port="COM7")  # Adjust port as needed
             ^^^^^^^^^^^^^^^^^^^^^^
  File "/Users/alephnot/Documents/Work/UVA-Lab-Software/GUI-Webserver/data_acquisition/daq/_IVCReader.py", line 28, in __init__
    self.parity = serial.PARITY_NONE
                  ^^^^^^^^^^^^^^^^^^
AttributeError: module 'serial' has no attribute 'PARITY_NONE'


==================== Data Parsing Test ====================
============================================================
Testing IVC Data Parsing
============================================================
✗ Data Parsing Test FAILED with exception: module 'serial' has no attribute 'PARITY_NONE'
Traceback: Traceback (most recent call last):
  File "/Users/alephnot/Documents/Work/UVA-Lab-Software/GUI-Webserver/data_acquisition/device_testing/test_ivc_comprehensive.py", line 257, in main
    if test_func():
       ^^^^^^^^^^^
  File "/Users/alephnot/Documents/Work/UVA-Lab-Software/GUI-Webserver/data_acquisition/device_testing/test_ivc_comprehensive.py", line 212, in test_ivc_data_parsing
    reader = IVCReader()
             ^^^^^^^^^^^
  File "/Users/alephnot/Documents/Work/UVA-Lab-Software/GUI-Webserver/data_acquisition/daq/_IVCReader.py", line 28, in __init__
    self.parity = serial.PARITY_NONE
                  ^^^^^^^^^^^^^^^^^^
AttributeError: module 'serial' has no attribute 'PARITY_NONE'


==================== Error Handling Test ====================
============================================================
Testing IVC Error Handling
============================================================
Testing with invalid port...
Error handling test PASSED - exception caught: module 'serial' has no attribute 'PARITY_NONE'
✓ Error Handling Test PASSED

==================== Connection Test ====================
============================================================
Testing IVC Connection
============================================================
Initializing IVCReader
Connection test failed: module 'serial' has no attribute 'PARITY_NONE'
Traceback: Traceback (most recent call last):
  File "/Users/alephnot/Documents/Work/UVA-Lab-Software/GUI-Webserver/data_acquisition/device_testing/test_ivc_comprehensive.py", line 40, in test_ivc_connection
    reader = IVCReader(port="COM7")  # Adjust port as needed
             ^^^^^^^^^^^^^^^^^^^^^^
  File "/Users/alephnot/Documents/Work/UVA-Lab-Software/GUI-Webserver/data_acquisition/daq/_IVCReader.py", line 28, in __init__
    self.parity = serial.PARITY_NONE
                  ^^^^^^^^^^^^^^^^^^
AttributeError: module 'serial' has no attribute 'PARITY_NONE'

✗ Connection Test FAILED

==================== Data Reading Test ====================
============================================================
Testing IVC Data Reading
============================================================
Initializing IVCReader for data reading test
Data reading test failed: module 'serial' has no attribute 'PARITY_NONE'
Traceback: Traceback (most recent call last):
  File "/Users/alephnot/Documents/Work/UVA-Lab-Software/GUI-Webserver/data_acquisition/device_testing/test_ivc_comprehensive.py", line 68, in test_ivc_data_reading
    reader = IVCReader(port="COM7")  # Adjust port as needed
             ^^^^^^^^^^^^^^^^^^^^^^
  File "/Users/alephnot/Documents/Work/UVA-Lab-Software/GUI-Webserver/data_acquisition/daq/_IVCReader.py", line 28, in __init__
    self.parity = serial.PARITY_NONE
                  ^^^^^^^^^^^^^^^^^^
AttributeError: module 'serial' has no attribute 'PARITY_NONE'

✗ Data Reading Test FAILED

==================== Stress Test ====================
============================================================
Testing IVC Stress Test (Start/Stop Cycles)
============================================================
Stress test cycle 1/3
Stress test failed: module 'serial' has no attribute 'PARITY_NONE'
Traceback: Traceback (most recent call last):
  File "/Users/alephnot/Documents/Work/UVA-Lab-Software/GUI-Webserver/data_acquisition/device_testing/test_ivc_comprehensive.py", line 158, in test_ivc_stress
    reader = IVCReader(port="COM7", timeout=0.5)  # Adjust port as needed
             ^^^^^^^^^^^^^^^^^^^^^^^^^^^^^^^^^^^
  File "/Users/alephnot/Documents/Work/UVA-Lab-Software/GUI-Webserver/data_acquisition/daq/_IVCReader.py", line 28, in __init__
    self.parity = serial.PARITY_NONE
                  ^^^^^^^^^^^^^^^^^^
AttributeError: module 'serial' has no attribute 'PARITY_NONE'

✗ Stress Test FAILED

============================================================
TEST SUMMARY
============================================================
Tests passed: 1/6
Success rate: 16.7%
❌ 5 test(s) failed. Please check the logs.
