Starting QT Comprehensive Test Suite
Test started at: 2025-08-11 15:20:40.716110

==================== Network Configuration Test ====================
============================================================
Testing QT Network Configuration
============================================================
Network Configuration:
  PLC IP: 172.29.36.195
  Unit ID: 2
  Integer Port: 503
  Float Port: 502
  Number of Registers: 36
Network configuration test completed!
✓ Network Configuration Test PASSED

==================== Data Processing Test ====================
============================================================
Testing QT Data Processing
============================================================
2's Complement Conversion Test:
  Register 0: 0 -> 0
  Register 1: 32767 -> 32767
  Register 2: 32768 -> -32768
  Register 3: 65535 -> -1
Data processing test completed!
✓ Data Processing Test PASSED

==================== Error Handling Test ====================
============================================================
Testing QT Error Handling
============================================================
Testing with invalid IP...
Error handling test PASSED - correctly failed with invalid IP
✓ Error Handling Test PASSED

==================== Connection Test ====================
============================================================
Testing QT Connection
============================================================
Initializing QTReader
Testing QT data reading
Connection test successful!
✓ Connection Test PASSED

==================== Data Reading Test ====================
============================================================
Testing QT Data Reading
============================================================
Initializing QTReader for data reading test
Testing data reading for 10 iterations...
Reading 18 QT data values from Modbus registers
------------------------------------------------------------
Sample  1: 18 values read
  First 3 values: [0.1265914291, 0.0, 0.1302083433]
  Last 3 values: [199.9538116455, 179.3299865723, 8.6917276382]
Sample  2: 18 values read
  First 3 values: [0.1265914291, 0.0, 0.1302083433]
  Last 3 values: [199.9538116455, 179.3299865723, 8.6917276382]
Sample  3: 18 values read
  First 3 values: [0.1265914291, 0.0, 0.1302083433]
  Last 3 values: [199.9538116455, 179.3299865723, 8.6917276382]
Sample  4: 18 values read
  First 3 values: [0.1265914291, 0.0, 0.1302083433]
  Last 3 values: [199.9538116455, 179.3299865723, 8.6917276382]
Sample  5: 18 values read
  First 3 values: [0.1265914291, 0.0, 0.1302083433]
  Last 3 values: [199.9538116455, 179.3299865723, 8.6917276382]
Sample  6: 18 values read
  First 3 values: [0.1265914291, 0.0, 0.1302083433]
  Last 3 values: [199.9538116455, 180.2197723389, 8.6917276382]
Sample  7: 18 values read
  First 3 values: [0.1265914291, 0.0, 0.1302083433]
  Last 3 values: [199.9538116455, 179.3299865723, 8.6917276382]
Sample  8: 18 values read
  First 3 values: [0.1265914291, 0.0, 0.1302083433]
  Last 3 values: [200.1278839111, 179.3299865723, 8.6917276382]
Sample  9: 18 values read
  First 3 values: [0.1265914291, 0.0, 0.1302083433]
  Last 3 values: [200.1278839111, 179.6859588623, 8.6917276382]
Sample 10: 18 values read
  First 3 values: [0.1265914291, 0.0, 0.1302083433]
  Last 3 values: [200.1278839111, 179.5079650879, 8.6917276382]
------------------------------------------------------------
Data reading test completed:
  Total readings: 10
  Successful readings: 10
  Success rate: 100.0%
Data reading test PASSED!
✓ Data Reading Test PASSED

==================== Labels Test ====================
============================================================
Testing QT Data with Labels
============================================================
QT Data with Labels:
  FC501.AI.Value: 0.1265914291
  FC501_OUT.Value: 0.0
  FC502.AI.Value: 0.1302083433
  FC502_OUT.Value: 2.0
  LIT501.AI.Value: 47.9814147949
  PT501.AI.Value: 9.0048398972
  PT502.AI.Value: 4.4714632034
  PT503.AI.Value: 9.0678949356
  PT504.AI.Value: 8.9002141953
  AIT501.AI.Value: 0.0
  TI501.AI.Value: 0.0
  TI502.AI.Value: 99.7660217285
  TI503.AI.Value: 169.2281951904
  TI504.AI.Value: 156.4682006836
  TI505.AI.Value: 188.7157440186
  TI523.AI.Value: 200.1278839111
✓ Labels Test PASSED

==================== Stress Test ====================
============================================================
Testing QT Stress Test (Connection Cycles)
============================================================
Stress test cycle 1/3
  Cycle 1, Reading 1: 18 values
  Cycle 1, Reading 2: 18 values
  Cycle 1, Reading 3: 18 values
Stress test cycle 2/3
  Cycle 2, Reading 1: 18 values
  Cycle 2, Reading 2: 18 values
  Cycle 2, Reading 3: 18 values
Stress test cycle 3/3
  Cycle 3, Reading 1: 18 values
  Cycle 3, Reading 2: 18 values
  Cycle 3, Reading 3: 18 values
Stress test completed successfully!
✓ Stress Test PASSED

============================================================
TEST SUMMARY
============================================================
Tests passed: 7/7
Success rate: 100.0%
🎉 ALL TESTS PASSED! QT is working correctly.
Initializing QTReader
Testing QT data reading
QT reader connections closed
Initializing QTReader
Testing QT data reading
Successfully read QT data: 18 values
First 3 values: [0.1265914291, 0.0, 0.1302083433]
Last 3 values: [200.3013763428, 179.3299865723, 8.6917276382]
FC501.AI.Value: 0.1265914291
FC501_OUT.Value: 0.0
FC502.AI.Value: 0.1302083433
FC502_OUT.Value: 2.0
LIT501.AI.Value: 47.9584655762
PT501.AI.Value: 9.0032224655
PT502.AI.Value: 4.4714632034
PT503.AI.Value: 9.066277504
PT504.AI.Value: 8.8989019394
AIT501.AI.Value: 0.0
TI501.AI.Value: 0.0
TI502.AI.Value: 99.765953064
TI503.AI.Value: 169.445526123
TI504.AI.Value: 156.6495056152
TI505.AI.Value: 188.8914794922
TI523.AI.Value: 200.3013763428
QT reader connections closed
